// Jest Snapshot v1, https://goo.gl/fbAQLP

exports[`<DateInput> renders DateInput correctly 1`] = `
<table
  className="af-table"
>
  <thead
    className="af-table-thead"
  >
    <tr
      className="af-table__tr"
    >
      <th
        className="af-table__th"
        colSpan={3}
        rowSpan={null}
      >
        <span
          className="af-table-th-content"
        >
          Some text
        </span>
      </th>
    </tr>
  </thead>
  <tbody
    className="af-table__body"
  >
    <tr
      className="af-table__tr"
    >
      <td
        className="af-table__cell"
        colSpan={null}
        rowSpan={2}
      >
        <span
          className="af-table-body-content"
        >
          Some text
        </span>
      </td>
      <td
        className="af-table__cell"
        colSpan={null}
        rowSpan={null}
      >
        <b>
          Some balised text
        </b>
      </td>
      <td
        className="af-table__cell"
        colSpan={null}
        rowSpan={null}
      >
        <span
          className="af-table-body-content"
        >
          Some text
        </span>
      </td>
    </tr>
  </tbody>
</table>
`;
