// Jest Snapshot v1, https://goo.gl/fbAQLP

exports[`<NumberInput> renders NumberInput correctly 1`] = `
<DocumentFragment>
  <div
    class="row af-form__group"
  >
    <div
      class="col-md-2"
    >
      <label
        class="af-form__group-label"
        for="iddateinput"
      >
        Image *
      </label>
    </div>
    <div
      class="col-md-10"
    >
      <div
        class="af-form__text"
      >
        <input
          class="af-form__input-number"
          id="iddateinput"
          name="placeImage"
          type="number"
          value="2"
        />
      </div>
      <small
        class="af-form__help"
      />
    </div>
  </div>
</DocumentFragment>
`;
