// Jest Snapshot v1, https://goo.gl/fbAQLP

exports[`RadioItem should have correct html rendered 1`] = `
<DocumentFragment>
  <div
    class="af-form__radio"
  >
    <input
      class="af-form__input-radio"
      id="id"
      type="radio"
      value=""
    />
    <label
      class="af-form__label"
      for="id"
    >
      <span
        class="af-form__description"
      >
        test
      </span>
    </label>
  </div>
</DocumentFragment>
`;
