// Jest Snapshot v1, https://goo.gl/fbAQLP

exports[`<Summary> Renders correctly when not visible 1`] = `null`;

exports[`<Summary> Renders correctly when visible 1`] = `
<div
  className="af-alert af-alert--danger"
  role="alert"
>
  <div
    className="af-alert__title"
  >
    <div
      className="af-alert__title-icon"
    >
      <i
        className="glyphicon glyphicon-warning-sign"
      />
    </div>
    <div
      className="af-alert__title-text"
    >
      Invalid form
    </div>
  </div>
  <div
    className="af-alert__content"
  >
    <div
      className="af-alert__content__left"
    />
    <div
      className="af-alert__content__right"
    >
      <ul
        className="af-summary__message-list"
      >
        <li
          className="af-summary__message-item"
        >
          <span>
            Sample message 1
          </span>
        </li>
        <li
          className="af-summary__message-item"
        >
          <span>
            Sample message 2
          </span>
        </li>
      </ul>
    </div>
  </div>
</div>
`;

exports[`<Summary> Renders correctly with default props 1`] = `null`;
