// Jest Snapshot v1, https://goo.gl/fbAQLP

exports[`<Pane> should render component 1`] = `
<DocumentFragment>
  <div
    class="af-tabs__pane"
  >
    <div>
      Content
    </div>
  </div>
</DocumentFragment>
`;
