// Jest Snapshot v1, https://goo.gl/fbAQLP

exports[`<Header> should render header 1`] = `
<DocumentFragment>
  <div
    class="af-modal__header"
  >
    <h4
      class="af-modal__header-title"
    >
      title
    </h4>
    <button
      aria-label="Close"
      class="af-modal__header-close-btn"
      type="button"
    >
      <span
        aria-hidden="true"
        class="glyphicon glyphicon-close"
      />
    </button>
  </div>
</DocumentFragment>
`;
