// Jest Snapshot v1, https://goo.gl/fbAQLP

exports[`Table.Items renders correctly with default values 1`] = `
<DocumentFragment>
  <div
    class="af-paging__limit"
  >
    <form
      class="af-paging__form"
    >
      <div
        class="af-form__group"
      >
        <div
          class="col col-sm-2 col-md-2 col-lg-2 col-xl-2"
        >
          <label
            class="af-form__group-label"
            for="itemid"
          >
            Afficher
          </label>
        </div>
        <div
          class="col col-sm-10 col-md-10 col-lg-10 col-xl-10"
        >
          <div
            class="af-form__select"
          >
            <div
              class="af-form__select-container"
            >
              <select
                class="af-form__input-select"
                id="itemid"
              >
                <option
                  value="5"
                >
                  5
                </option>
                <option
                  value="10"
                >
                  10
                </option>
                <option
                  value="25"
                >
                  25
                </option>
                <option
                  value="50"
                >
                  50
                </option>
                <option
                  value="100"
                >
                  100
                </option>
              </select>
              <span
                class="glyphicon glyphicon-menu-down"
              />
            </div>
            <span
              class="af-form__input-cmplt"
            >
              éléments
            </span>
          </div>
        </div>
      </div>
    </form>
  </div>
</DocumentFragment>
`;
