// Jest Snapshot v1, https://goo.gl/fbAQLP

exports[`<Infos> renders Infos correctly 1`] = `[Function]`;
