// Jest Snapshot v1, https://goo.gl/fbAQLP

exports[`CollapseCard renders CollapseCard correctly 1`] = `
<DocumentFragment>
  <div
    class="af-accordion__item"
  >
    <div
      class="af-accordion__item-header"
      id="collapse1"
      role="tab"
    >
      <a
        aria-controls="collapse1body"
        aria-expanded="false"
        class="af-accordion__item-toggle"
        data-toggle="isOpen"
        href="#collapse1body"
      >
        <h3
          class="af-accordion__item-title"
        >
          <span
            class="glyphicon glyphicon-menu-down"
          />
          Collapsible Group Item #1
        </h3>
      </a>
    </div>
    <div
      aria-labelledby="collapse1"
      class="af-accordion__collapse af-accordion__collapse--close"
      id="collapse1body"
      role="tabpanel"
      style="max-height: 0px;"
    >
      <div
        class="af-accordion__block"
      >
        Anim pariatur cliche reprehenderit, enim eiusmod high life accusamus terry richardson ad squid. 3 wolf moon officia aute, non cupidatat skateboard dolor brunch. Food truck quinoa nesciunt laborum eiusmod. Brunch 3 wolf moon tempor, sunt aliqua put a bird on it squid single-origin coffee nulla assumenda shoreditch et. Nihil anim keffiyeh helvetica, craft beer labore wes anderson cred nesciunt sapiente ea proident. Ad vegan excepteur butcher vice lomo. Leggings occaecat craft beer farm-to-table, raw denim aesthetic synth nesciunt you probably haven't heard of them accusamus labore sustainable VHS.
      </div>
    </div>
  </div>
</DocumentFragment>
`;
