// Jest Snapshot v1, https://goo.gl/fbAQLP

exports[`<FilterInline /> renders without crashing 1`] = `
<DocumentFragment>
  <div />
</DocumentFragment>
`;
