// Jest Snapshot v1, https://goo.gl/fbAQLP

exports[`<TextInput> renders SwitchInput correctly 1`] = `
<div
  className="row af-form__group"
>
  <div
    className="col-md-2"
  >
    <label
      className="af-form__group-label"
      htmlFor="iddateinput"
    >
      Image *
    </label>
  </div>
  <div
    className="col-md-10"
  >
    <div
      className="af-form__text af-form__text--undefined"
    >
      <input
        className="af-form__input-text af-form__input-text--undefined"
        id="iddateinput"
        onChange={[Function]}
        type="text"
        value="ici le text"
      />
    </div>
    <small
      className="af-form__help"
    />
  </div>
</div>
`;
