// Jest Snapshot v1, https://goo.gl/fbAQLP

exports[`<File.FileTable> renders Errors correctly with empty errors 1`] = `""`;

exports[`<File.FileTable> renders Errors correctly with errors 1`] = `
<div
  className="af-form__file-errors"
>
  <span>
    Le chargement de certains fichiers a échoué : 
  </span>
  <ul
    className="af-form__file-errors-list"
  >
    <li
      key="[object Object]"
    >
      youhou.txt
       (
      2
      )
    </li>
  </ul>
</div>
`;

exports[`<File.FileTable> renders File.FileTable correctly 1`] = `
<div
  className="custom-table-file af-file-table"
>
  <Errors
    errors={
      Array [
        Object {
          "file": Object {
            "name": "youhou.txt",
            "size": 2,
          },
        },
      ]
    }
  />
  <ul
    className="af-form__file-list"
  >
    <FileLine
      classModifier={null}
      className="af-form__file-line"
      disabled={false}
      file={Object {}}
      id="id"
      key="id"
      onClick={[Function]}
    />
  </ul>
</div>
`;

exports[`<File.FileTable> renders File.FileTable correctly when no have values 1`] = `""`;
