// Jest Snapshot v1, https://goo.gl/fbAQLP

exports[`<File.FileInput> renders File.FileInput correctly 1`] = `
<li
  className="af-form__file-line"
>
  <Preview
    file={
      Object {
        "name": "name",
        "preview": "#",
        "size": 1,
      }
    }
  />
  <span>
    name
  </span>
  <span>
    1
  </span>
  <Button
    classModifier="delete-file"
    className="af-link"
    disabled={false}
    onClick={[Function]}
    type="button"
  >
    <span
      className="af-link__text"
    >
      Supprimer
    </span>
  </Button>
</li>
`;

exports[`<File.FileInput> renders Preview correctly for other type 1`] = `
<i
  className="glyphicon glyphicon-file"
/>
`;

exports[`<File.FileInput> renders Preview correctly for type image 1`] = `
<Popover
  classModifier={null}
  className="af-popover__container"
  mode="hover"
  placement="top"
>
  <Popover.Pop>
    <img
      alt="File Preview"
      className="af-form__file-thumbnail"
      style={
        Object {
          "maxHeight": "200px",
          "maxWidth": "200px",
        }
      }
    />
  </Popover.Pop>
  <Popover.Over>
    <i
      className="glyphicon glyphicon-picture"
    />
  </Popover.Over>
</Popover>
`;
