// Jest Snapshot v1, https://goo.gl/fbAQLP

exports[`<RadioInput /> renders RadioInput correctly 1`] = `
<div
  className="row af-form__group"
>
  <div
    className="col-md-2"
  >
    <label
      className="af-form__group-label"
      htmlFor=""
    >
      Label
    </label>
  </div>
  <div
    className="col-md-10"
  >
    <div
      className="af-form__radio-custom"
    >
      <input
        autoFocus={null}
        checked={false}
        className="af-form__input-radio"
        disabled={false}
        id="option1_id"
        name="name"
        onBlur={[Function]}
        onChange={[Function]}
        onFocus={[Function]}
        readOnly={false}
        tabIndex={null}
        type="radio"
        value="1"
      />
      <label
        className="af-form__label"
        htmlFor="option1_id"
      >
        <span
          className="af-form__description"
        >
          Option 1
        </span>
      </label>
    </div>
    <div
      className="af-form__radio-custom"
    >
      <input
        autoFocus={null}
        checked={false}
        className="af-form__input-radio"
        disabled={false}
        id="option2_id"
        name="name"
        onBlur={[Function]}
        onChange={[Function]}
        onFocus={[Function]}
        readOnly={false}
        tabIndex={null}
        type="radio"
        value="2"
      />
      <label
        className="af-form__label"
        htmlFor="option2_id"
      >
        <span
          className="af-form__description"
        >
          Option 2
        </span>
      </label>
    </div>
  </div>
</div>
`;
