// Jest Snapshot v1, https://goo.gl/fbAQLP

exports[`Radio template should have correct html rendered 1`] = `[Function]`;
