// Jest Snapshot v1, https://goo.gl/fbAQLP

exports[`<RadioInput /> should have correct html rendered 1`] = `[Function]`;
