// Jest Snapshot v1, https://goo.gl/fbAQLP

exports[`<Icon> should render a sante icon 1`] = `
<DocumentFragment>
  <svg
    viewBox="0 0 16 16"
  >
    <use
      xlink:href="/icons.svg#sante"
    />
  </svg>
</DocumentFragment>
`;
