// Jest Snapshot v1, https://goo.gl/fbAQLP

exports[`<DateInput> renders DateInput correctly 1`] = `
<div
  className="row af-form__group"
>
  <div
    className="col-md-2"
  >
    <label
      className="af-form__group-label"
      htmlFor="iddateinput"
    >
      Image *
    </label>
  </div>
  <div
    className="col-md-10"
  >
    <div
      className="af-datepicker__container"
    >
      <div
        className="react-datepicker-wrapper"
      >
        <div
          className="react-datepicker__input-container"
        >
          <input
            autoFocus={null}
            className="af-datepicker"
            disabled={false}
            id="iddateinput"
            name="placeImage"
            onBlur={[Function]}
            onChange={[Function]}
            onClick={[Function]}
            onFocus={[Function]}
            onKeyDown={[Function]}
            readOnly={false}
            tabIndex={null}
            type="text"
            value=""
          />
        </div>
      </div>
      <span
        className="glyphicon glyphicon-calendar"
      />
    </div>
    <small
      className="af-form__help"
    />
  </div>
</div>
`;
