// Jest Snapshot v1, https://goo.gl/fbAQLP

exports[`<Pane> should render component 1`] = `
<div
  className="af-tabs__pane"
>
  <div>
    Content
  </div>
</div>
`;
