// Jest Snapshot v1, https://goo.gl/fbAQLP

exports[`Accordion.Header renders Accordion.Header correctly 1`] = `
<DocumentFragment>
  <div
    class="af-accordion__item-header"
    role="tab"
  >
    <a
      aria-expanded="false"
      class="af-accordion__item-toggle"
      data-toggle="isOpen"
      href="#collapseOne"
    >
      <h3
        class="af-accordion__item-title"
      >
        <span
          class="glyphicon glyphicon-menu-down"
        />
        Header
      </h3>
    </a>
  </div>
</DocumentFragment>
`;
