// Jest Snapshot v1, https://goo.gl/fbAQLP

exports[`<DateInput> renders DateInput correctly 1`] = `
<DocumentFragment>
  <div
    class="row af-form__group"
  >
    <div
      class="col-md-2"
    >
      <label
        class="af-form__group-label"
        for="iddateinput"
      >
        date de naissance
      </label>
    </div>
    <div
      class="col-md-10"
    >
      <div
        class="af-datepicker__container"
      >
        <div
          class="react-datepicker-wrapper"
        >
          <div
            class="react-datepicker__input-container"
          >
            <input
              class="af-datepicker"
              id="iddateinput"
              name="placeImage"
              type="text"
              value=""
            />
          </div>
        </div>
        <span
          class="glyphicon glyphicon-calendar"
        />
      </div>
      <small
        class="af-form__help"
      />
    </div>
  </div>
</DocumentFragment>
`;
